$ svelte-kit sync && svelte-check --tsconfig ./tsconfig.json
Loading svelte-check in workspace: c:\Users\Utilizador\AppNotas\appnotas-v2
Getting Svelte diagnostics...

c:\Users\Utilizador\AppNotas\appnotas-v2\[32msrc\lib\components\tiptap\CodeBlockNode.svelte[39m:13:18
[33mWarn[39m: This reference only captures the initial value of `extension`. Did you mean to reference it inside a closure instead?
https://svelte.dev/e/state_referenced_locally (svelte)
[36m
	let languages = [35mextension[36m.options.lowlight.listLanguages();[39m

c:\Users\Utilizador\AppNotas\appnotas-v2\[32msrc\lib\components\FileEditor.svelte[39m:32:27
[33mWarn[39m: This reference only captures the initial value of `initial_content`. Did you mean to reference it inside a closure instead?
https://svelte.dev/e/state_referenced_locally (svelte)
[36m    // but destructuring props is usually cleaner to avoid captures warning.
	let textContent = $state([35minitial_content[36m);
	let initialContent = $state(initial_content);[39m

c:\Users\Utilizador\AppNotas\appnotas-v2\[32msrc\lib\components\FileEditor.svelte[39m:33:30
[33mWarn[39m: This reference only captures the initial value of `initial_content`. Did you mean to reference it inside a closure instead?
https://svelte.dev/e/state_referenced_locally (svelte)
[36m	let textContent = $state(initial_content);
	let initialContent = $state([35minitial_content[36m);
	let isModified = $state(false);[39m

c:\Users\Utilizador\AppNotas\appnotas-v2\[32msrc\lib\components\SettingsPanel.svelte[39m:141:23
[31mError[39m: Cannot find name 'invoke'. (ts)
[36m            if (selected) {
                await [35minvoke[36m('write_file', { path: selected, content });
                await message('Settings exported successfully!', { title: 'Export Success', kind: 'info' });[39m

c:\Users\Utilizador\AppNotas\appnotas-v2\[32msrc\lib\components\SettingsPanel.svelte[39m:159:39
[31mError[39m: Cannot find name 'invoke'. (ts)
[36m            if (selected && typeof selected === 'string') {
                const content = await [35minvoke[36m<string>('read_file', { path: selected });
                const imported = JSON.parse(content);[39m

c:\Users\Utilizador\AppNotas\appnotas-v2\[32msrc\routes\+page.svelte[39m:401:7
[33mWarn[39m: Using `on:click` to listen to the click event is deprecated. Use the event attribute `onclick` instead
https://svelte.dev/e/event_directive_deprecated (svelte)
[36m						class:spinning={isRefreshing}
						[35mon:click={handleManualRefresh}[36m
						title="Check for external changes"[39m

c:\Users\Utilizador\AppNotas\appnotas-v2\[32msrc\routes\+page.svelte[39m:410:7
[33mWarn[39m: Using `on:click` to listen to the click event is deprecated. Use the event attribute `onclick` instead
https://svelte.dev/e/event_directive_deprecated (svelte)
[36m						class:active={$terminalVisible}
						[35mon:click={() => terminalVisible.update(v => !v)}[36m 
						title="Toggle Terminal (Ctrl+`)"[39m

c:\Users\Utilizador\AppNotas\appnotas-v2\[32msrc\routes\+page.svelte[39m:415:31
[33mWarn[39m: Using `on:click` to listen to the click event is deprecated. Use the event attribute `onclick` instead
https://svelte.dev/e/event_directive_deprecated (svelte)
[36m					</button>
					<button class="btn-icon" [35mon:click={() => settingsOpen.update(v => !v)}[36m title="Settings (Ctrl+,)">
						<svg width="20" height="20" viewBox="0 0 24 24" fill="none" stroke="currentColor" stroke-width="2" stroke-linecap="round" stroke-linejoin="round">[39m

c:\Users\Utilizador\AppNotas\appnotas-v2\[32msrc\routes\+page.svelte[39m:421:34
[33mWarn[39m: Using `on:click` to listen to the click event is deprecated. Use the event attribute `onclick` instead
https://svelte.dev/e/event_directive_deprecated (svelte)
[36m					</button>
					<button class="btn-primary" [35mon:click={createNewNote}[36m>
						📝 New Note[39m

c:\Users\Utilizador\AppNotas\appnotas-v2\[32msrc\routes\+page.svelte[39m:439:7
[33mWarn[39m: Using `on:keydown` to listen to the keydown event is deprecated. Use the event attribute `onkeydown` instead
https://svelte.dev/e/event_directive_deprecated (svelte)
[36m						class:focused={$focusArea === 'file-tabs'}
						[35mon:keydown={handleToolbarKeyDown}[36m
						bind:this={tabsContainer}[39m

c:\Users\Utilizador\AppNotas\appnotas-v2\[32msrc\routes\+page.svelte[39m:451:11
[33mWarn[39m: Using `on:click` to listen to the click event is deprecated. Use the event attribute `onclick` instead
https://svelte.dev/e/event_directive_deprecated (svelte)
[36m										class:active={$activeFile?.path === file.path}
										[35mon:click={() => {
											focusedTabIndex = i;
											activeNoteId.set(null);
											activeFile.set(file);
										}}[36m
									>[39m

c:\Users\Utilizador\AppNotas\appnotas-v2\[32msrc\routes\+page.svelte[39m:462:39
[33mWarn[39m: Using `on:click` to listen to the click event is deprecated. Use the event attribute `onclick` instead
https://svelte.dev/e/event_directive_deprecated (svelte)
[36m									</button>
									<button class="close-button" [35mon:click|stopPropagation={() => closeFile(file.path)}[36m>
										✕[39m

c:\Users\Utilizador\AppNotas\appnotas-v2\[32msrc\routes\+page.svelte[39m:525:8
[33mWarn[39m: Using `on:mousedown` to listen to the mousedown event is deprecated. Use the event attribute `onmousedown` instead
https://svelte.dev/e/event_directive_deprecated (svelte)
[36m							class="terminal-resize-handle"
							[35mon:mousedown={startTerminalResize}[36m
							aria-label="Resize Terminal"[39m

====================================
[31msvelte-check found 2 errors and 11 warnings in 4 files
[39merror: script "check" exited with code 1
