$ svelte-kit sync && svelte-check --tsconfig ./tsconfig.json
Loading svelte-check in workspace: c:\Users\Utilizador\AppNotas\appnotas-v2
Getting Svelte diagnostics...

c:\Users\Utilizador\AppNotas\appnotas-v2\[32msrc\lib\components\tiptap\CodeBlockNode.svelte[39m:13:18
[33mWarn[39m: This reference only captures the initial value of `extension`. Did you mean to reference it inside a closure instead?
https://svelte.dev/e/state_referenced_locally (svelte)
[36m
	let languages = [35mextension[36m.options.lowlight.listLanguages();[39m

c:\Users\Utilizador\AppNotas\appnotas-v2\[32msrc\lib\components\FileEditor.svelte[39m:32:27
[33mWarn[39m: This reference only captures the initial value of `initial_content`. Did you mean to reference it inside a closure instead?
https://svelte.dev/e/state_referenced_locally (svelte)
[36m    // but destructuring props is usually cleaner to avoid captures warning.
	let textContent = $state([35minitial_content[36m);
	let initialContent = $state(initial_content);[39m

c:\Users\Utilizador\AppNotas\appnotas-v2\[32msrc\lib\components\FileEditor.svelte[39m:33:30
[33mWarn[39m: This reference only captures the initial value of `initial_content`. Did you mean to reference it inside a closure instead?
https://svelte.dev/e/state_referenced_locally (svelte)
[36m	let textContent = $state(initial_content);
	let initialContent = $state([35minitial_content[36m);
	let isModified = $state(false);[39m

c:\Users\Utilizador\AppNotas\appnotas-v2\[32msrc\routes\+page.svelte[39m:70:4
[31mError[39m: Unexpected token
https://svelte.dev/e/js_parse_error

If you expect this syntax to work, here are some suggestions: 
If you use typescript with `svelte-preprocess`, did you add `lang="ts"` to your `script` tag? 
Did you setup a `svelte.config.js`? 
See https://github.com/sveltejs/language-tools/tree/master/docs#using-with-preprocessors for more info. (svelte)
[36m	// Auto-focus toolbar when focusArea switches to 'file-tabs'
			[35m[36m}
		});[39m

c:\Users\Utilizador\AppNotas\appnotas-v2\[32msrc\routes\+page.svelte[39m:71:3
[31mError[39m: Declaration or statement expected. (ts)
[36m			}
		[35m}[36m);
	}[39m

c:\Users\Utilizador\AppNotas\appnotas-v2\[32msrc\routes\+page.svelte[39m:71:4
[31mError[39m: Declaration or statement expected. (ts)
[36m			}
		}[35m)[36m;
	}[39m

c:\Users\Utilizador\AppNotas\appnotas-v2\[32msrc\routes\+page.svelte[39m:72:2
[31mError[39m: Declaration or statement expected. (ts)
[36m		});
	[35m}[36m[39m

c:\Users\Utilizador\AppNotas\appnotas-v2\[32msrc\routes\+page.svelte[39m:75:7
[31mError[39m: Cannot find name '$focusArea'. Did you mean 'focusArea'? (ts)
[36m	function handleToolbarKeyDown(e: KeyboardEvent) {
		if ([35m$focusArea[36m !== 'file-tabs') return;[39m

c:\Users\Utilizador\AppNotas\appnotas-v2\[32msrc\routes\+page.svelte[39m:79:4
[31mError[39m: Cannot find name 'focusedTabIndex'. (ts)
[36m			e.preventDefault();
			[35mfocusedTabIndex[36m = (focusedTabIndex + 1) % $openFiles.length;
		} else if (e.key === 'ArrowLeft') {[39m

c:\Users\Utilizador\AppNotas\appnotas-v2\[32msrc\routes\+page.svelte[39m:79:23
[31mError[39m: Cannot find name 'focusedTabIndex'. (ts)
[36m			e.preventDefault();
			focusedTabIndex = ([35mfocusedTabIndex[36m + 1) % $openFiles.length;
		} else if (e.key === 'ArrowLeft') {[39m

c:\Users\Utilizador\AppNotas\appnotas-v2\[32msrc\routes\+page.svelte[39m:79:46
[31mError[39m: Cannot find name '$openFiles'. Did you mean 'openFiles'? (ts)
[36m			e.preventDefault();
			focusedTabIndex = (focusedTabIndex + 1) % [35m$openFiles[36m.length;
		} else if (e.key === 'ArrowLeft') {[39m

c:\Users\Utilizador\AppNotas\appnotas-v2\[32msrc\routes\+page.svelte[39m:82:4
[31mError[39m: Cannot find name 'focusedTabIndex'. (ts)
[36m			e.preventDefault();
			[35mfocusedTabIndex[36m = (focusedTabIndex - 1 + $openFiles.length) % $openFiles.length;
		} else if (e.key === 'Enter') {[39m

c:\Users\Utilizador\AppNotas\appnotas-v2\[32msrc\routes\+page.svelte[39m:82:23
[31mError[39m: Cannot find name 'focusedTabIndex'. (ts)
[36m			e.preventDefault();
			focusedTabIndex = ([35mfocusedTabIndex[36m - 1 + $openFiles.length) % $openFiles.length;
		} else if (e.key === 'Enter') {[39m

c:\Users\Utilizador\AppNotas\appnotas-v2\[32msrc\routes\+page.svelte[39m:82:45
[31mError[39m: Cannot find name '$openFiles'. Did you mean 'openFiles'? (ts)
[36m			e.preventDefault();
			focusedTabIndex = (focusedTabIndex - 1 + [35m$openFiles[36m.length) % $openFiles.length;
		} else if (e.key === 'Enter') {[39m

c:\Users\Utilizador\AppNotas\appnotas-v2\[32msrc\routes\+page.svelte[39m:82:66
[31mError[39m: Cannot find name '$openFiles'. Did you mean 'openFiles'? (ts)
[36m			e.preventDefault();
			focusedTabIndex = (focusedTabIndex - 1 + $openFiles.length) % [35m$openFiles[36m.length;
		} else if (e.key === 'Enter') {[39m

c:\Users\Utilizador\AppNotas\appnotas-v2\[32msrc\routes\+page.svelte[39m:85:17
[31mError[39m: Cannot find name '$openFiles'. Did you mean 'openFiles'? (ts)
[36m			e.preventDefault();
			const file = [35m$openFiles[36m[focusedTabIndex];
			if (file) {[39m

c:\Users\Utilizador\AppNotas\appnotas-v2\[32msrc\routes\+page.svelte[39m:85:28
[31mError[39m: Cannot find name 'focusedTabIndex'. (ts)
[36m			e.preventDefault();
			const file = $openFiles[[35mfocusedTabIndex[36m];
			if (file) {[39m

c:\Users\Utilizador\AppNotas\appnotas-v2\[32msrc\routes\+page.svelte[39m:127:9
[31mError[39m: Cannot find name '$activeFile'. (ts)
[36m			action: () => {
				if ([35m$activeFile[36m) {
					saveRequested.set(true);[39m

c:\Users\Utilizador\AppNotas\appnotas-v2\[32msrc\routes\+page.svelte[39m:153:56
[31mError[39m: Cannot find name '$notesDirectory'. (ts)
[36m	async function createNewNote() {
		console.log('createNewNote called, notesDirectory:', [35m$notesDirectory[36m);[39m

c:\Users\Utilizador\AppNotas\appnotas-v2\[32msrc\routes\+page.svelte[39m:156:7
[31mError[39m: Cannot find name '$notesDirectory'. (ts)
[36m		// Check if notes directory is set for file-based notes
		if ([35m$notesDirectory[36m) {
			// Use file-based notes[39m

c:\Users\Utilizador\AppNotas\appnotas-v2\[32msrc\routes\+page.svelte[39m:170:5
[31mError[39m: Cannot find name 'error'. (ts)
[36m				console.error('Failed to create file-based note:', e);
				[35merror[36m = String(e);
			}[39m

c:\Users\Utilizador\AppNotas\appnotas-v2\[32msrc\routes\+page.svelte[39m:174:4
[31mError[39m: Cannot find name 'error'. (ts)
[36m			// Warn user and open settings
			[35merror[36m = 'Please configure a Notes Directory in Settings before creating notes.';
			settingsOpen.set(true);[39m

c:\Users\Utilizador\AppNotas\appnotas-v2\[32msrc\routes\+page.svelte[39m:178:22
[31mError[39m: Cannot find name 'error'. (ts)
[36m			activeTab.set('notes');
			setTimeout(() => ([35merror[36m = ''), 5000);
		}[39m

c:\Users\Utilizador\AppNotas\appnotas-v2\[32msrc\routes\+page.svelte[39m:183:7
[31mError[39m: Cannot find name '$activeFile'. (ts)
[36m	function closeCurrentTab() {
		if ([35m$activeFile[36m) {
			closeFile($activeFile.path);[39m

c:\Users\Utilizador\AppNotas\appnotas-v2\[32msrc\routes\+page.svelte[39m:184:14
[31mError[39m: Cannot find name '$activeFile'. (ts)
[36m		if ($activeFile) {
			closeFile([35m$activeFile[36m.path);
		}[39m

c:\Users\Utilizador\AppNotas\appnotas-v2\[32msrc\routes\+page.svelte[39m:225:3
[31mError[39m: Cannot find name 'loading'. (ts)
[36m
		[35mloading[36m = false;[39m

c:\Users\Utilizador\AppNotas\appnotas-v2\[32msrc\routes\+page.svelte[39m:240:4
[31mError[39m: Cannot find name 'diffOldContent'. (ts)
[36m		if (diskContent.trim() !== note.content.trim()) {
			[35mdiffOldContent[36m = note.content;
			diffNewContent = diskContent;[39m

c:\Users\Utilizador\AppNotas\appnotas-v2\[32msrc\routes\+page.svelte[39m:241:4
[31mError[39m: Cannot find name 'diffNewContent'. (ts)
[36m			diffOldContent = note.content;
			[35mdiffNewContent[36m = diskContent;
			diffNoteTitle = note.title;[39m

c:\Users\Utilizador\AppNotas\appnotas-v2\[32msrc\routes\+page.svelte[39m:242:4
[31mError[39m: Cannot find name 'diffNoteTitle'. (ts)
[36m			diffNewContent = diskContent;
			[35mdiffNoteTitle[36m = note.title;
			diffNoteId = note.id;[39m

c:\Users\Utilizador\AppNotas\appnotas-v2\[32msrc\routes\+page.svelte[39m:243:4
[31mError[39m: Cannot find name 'diffNoteId'. (ts)
[36m			diffNoteTitle = note.title;
			[35mdiffNoteId[36m = note.id;
			showDiffModal = true;[39m

c:\Users\Utilizador\AppNotas\appnotas-v2\[32msrc\routes\+page.svelte[39m:244:4
[31mError[39m: Cannot find name 'showDiffModal'. (ts)
[36m			diffNoteId = note.id;
			[35mshowDiffModal[36m = true;
		} else {[39m

c:\Users\Utilizador\AppNotas\appnotas-v2\[32msrc\routes\+page.svelte[39m:254:7
[31mError[39m: Cannot find name 'isRefreshing'. (ts)
[36m	async function handleManualRefresh() {
		if ([35misRefreshing[36m) return;
		const note = $activeNote;[39m

c:\Users\Utilizador\AppNotas\appnotas-v2\[32msrc\routes\+page.svelte[39m:255:16
[31mError[39m: Cannot find name '$activeNote'. (ts)
[36m		if (isRefreshing) return;
		const note = [35m$activeNote[36m;
		if (!note) return;[39m

c:\Users\Utilizador\AppNotas\appnotas-v2\[32msrc\routes\+page.svelte[39m:258:3
[31mError[39m: Cannot find name 'isRefreshing'. (ts)
[36m
		[35misRefreshing[36m = true;
		try {[39m

c:\Users\Utilizador\AppNotas\appnotas-v2\[32msrc\routes\+page.svelte[39m:261:9
[31mError[39m: Cannot find name 'showDiffModal'. (ts)
[36m			await checkForDiskChanges(note);
			if (![35mshowDiffModal[36m) {
				// No changes detected, briefly flash the button[39m

c:\Users\Utilizador\AppNotas\appnotas-v2\[32msrc\routes\+page.svelte[39m:266:4
[31mError[39m: Cannot find name 'isRefreshing'. (ts)
[36m		} finally {
			[35misRefreshing[36m = false;
		}[39m

c:\Users\Utilizador\AppNotas\appnotas-v2\[32msrc\routes\+page.svelte[39m:271:7
[31mError[39m: Cannot find name 'diffNoteId'. (ts)
[36m	function handleAcceptChanges() {
		if ([35mdiffNoteId[36m && diffNewContent !== undefined) {
			applyExternalContent(diffNoteId, diffNewContent);[39m

c:\Users\Utilizador\AppNotas\appnotas-v2\[32msrc\routes\+page.svelte[39m:271:21
[31mError[39m: Cannot find name 'diffNewContent'. (ts)
[36m	function handleAcceptChanges() {
		if (diffNoteId && [35mdiffNewContent[36m !== undefined) {
			applyExternalContent(diffNoteId, diffNewContent);[39m

c:\Users\Utilizador\AppNotas\appnotas-v2\[32msrc\routes\+page.svelte[39m:272:25
[31mError[39m: Cannot find name 'diffNoteId'. (ts)
[36m		if (diffNoteId && diffNewContent !== undefined) {
			applyExternalContent([35mdiffNoteId[36m, diffNewContent);
			// Force re-key the editor by briefly unsetting activeNoteId[39m

c:\Users\Utilizador\AppNotas\appnotas-v2\[32msrc\routes\+page.svelte[39m:272:37
[31mError[39m: Cannot find name 'diffNewContent'. (ts)
[36m		if (diffNoteId && diffNewContent !== undefined) {
			applyExternalContent(diffNoteId, [35mdiffNewContent[36m);
			// Force re-key the editor by briefly unsetting activeNoteId[39m

c:\Users\Utilizador\AppNotas\appnotas-v2\[32msrc\routes\+page.svelte[39m:274:15
[31mError[39m: Cannot find name 'diffNoteId'. (ts)
[36m			// Force re-key the editor by briefly unsetting activeNoteId
			const id = [35mdiffNoteId[36m;
			activeNoteId.set(null);[39m

c:\Users\Utilizador\AppNotas\appnotas-v2\[32msrc\routes\+page.svelte[39m:286:3
[31mError[39m: Cannot find name 'showDiffModal'. (ts)
[36m	function closeDiffModal() {
		[35mshowDiffModal[36m = false;
		diffOldContent = '';[39m

c:\Users\Utilizador\AppNotas\appnotas-v2\[32msrc\routes\+page.svelte[39m:287:3
[31mError[39m: Cannot find name 'diffOldContent'. (ts)
[36m		showDiffModal = false;
		[35mdiffOldContent[36m = '';
		diffNewContent = '';[39m

c:\Users\Utilizador\AppNotas\appnotas-v2\[32msrc\routes\+page.svelte[39m:288:3
[31mError[39m: Cannot find name 'diffNewContent'. (ts)
[36m		diffOldContent = '';
		[35mdiffNewContent[36m = '';
		diffNoteTitle = '';[39m

c:\Users\Utilizador\AppNotas\appnotas-v2\[32msrc\routes\+page.svelte[39m:289:3
[31mError[39m: Cannot find name 'diffNoteTitle'. (ts)
[36m		diffNewContent = '';
		[35mdiffNoteTitle[36m = '';
		diffNoteId = '';[39m

c:\Users\Utilizador\AppNotas\appnotas-v2\[32msrc\routes\+page.svelte[39m:290:3
[31mError[39m: Cannot find name 'diffNoteId'. (ts)
[36m		diffNoteTitle = '';
		[35mdiffNoteId[36m = '';
	}[39m

c:\Users\Utilizador\AppNotas\appnotas-v2\[32msrc\routes\+page.svelte[39m:350:7
[31mError[39m: Cannot find name '$activeFile'. (ts)
[36m		openFiles.update((files) => files.filter((f) => f.path !== path));
		if ([35m$activeFile[36m?.path === path) {
			activeFile.set(get(openFiles)[0] || null);[39m

c:\Users\Utilizador\AppNotas\appnotas-v2\[32msrc\routes\+page.svelte[39m:359:23
[31mError[39m: Cannot find name '$terminalHeight'. (ts)
[36m		const startY = event.clientY;
		const startHeight = [35m$terminalHeight[36m;[39m

c:\Users\Utilizador\AppNotas\appnotas-v2\[32msrc\routes\+page.svelte[39m:381:46
[31mError[39m: Cannot find name '$settingsOpen'. (ts)
[36m
	<div class="main-grid" class:show-settings={[35m$settingsOpen[36m}>
		<div class="editor-section">[39m

c:\Users\Utilizador\AppNotas\appnotas-v2\[32msrc\routes\+page.svelte[39m:386:11
[31mError[39m: Cannot find name '$aiState'. (ts)
[36m				<div class="header-actions">
					{#if [35m$aiState[36m.pendingProposals > 0}
						<div class="ai-counter" title="Pending AI Proposals">[39m

c:\Users\Utilizador\AppNotas\appnotas-v2\[32msrc\routes\+page.svelte[39m:388:29
[31mError[39m: Cannot find name '$aiState'. (ts)
[36m						<div class="ai-counter" title="Pending AI Proposals">
							<span class="count">{[35m$aiState[36m.pendingProposals}</span>
							<span class="icon">✨</span>[39m

c:\Users\Utilizador\AppNotas\appnotas-v2\[32msrc\routes\+page.svelte[39m:397:18
[31mError[39m: Cannot find name '$activeNote'. (ts)
[36m						title="Check for external changes"
						disabled={![35m$activeNote[36m || $activeTab !== 'notes'}
					>[39m

c:\Users\Utilizador\AppNotas\appnotas-v2\[32msrc\routes\+page.svelte[39m:397:33
[31mError[39m: Cannot find name '$activeTab'. (ts)
[36m						title="Check for external changes"
						disabled={!$activeNote || [35m$activeTab[36m !== 'notes'}
					>[39m

c:\Users\Utilizador\AppNotas\appnotas-v2\[32msrc\routes\+page.svelte[39m:394:23
[31mError[39m: Cannot find name 'isRefreshing'. (ts)
[36m						class="btn-icon refresh-btn" 
						class:spinning={[35misRefreshing[36m}
						on:click={handleManualRefresh}[39m

c:\Users\Utilizador\AppNotas\appnotas-v2\[32msrc\routes\+page.svelte[39m:403:21
[31mError[39m: Cannot find name '$terminalVisible'. (ts)
[36m						class="btn-icon terminal-toggle" 
						class:active={[35m$terminalVisible[36m}
						on:click={() => terminalVisible.update(v => !v)}[39m

c:\Users\Utilizador\AppNotas\appnotas-v2\[32msrc\routes\+page.svelte[39m:421:9
[31mError[39m: Cannot find name 'loading'. (ts)
[36m
			{#if [35mloading[36m}
				<div class="loading">Loading notes...</div>[39m

c:\Users\Utilizador\AppNotas\appnotas-v2\[32msrc\routes\+page.svelte[39m:423:14
[31mError[39m: Cannot find name 'error'. (ts)
[36m				<div class="loading">Loading notes...</div>
			{:else if [35merror[36m}
				<div class="error">{error}</div>[39m

c:\Users\Utilizador\AppNotas\appnotas-v2\[32msrc\routes\+page.svelte[39m:424:25
[31mError[39m: Cannot find name 'error'. (ts)
[36m			{:else if error}
				<div class="error">{[35merror[36m}</div>
			{:else}[39m

c:\Users\Utilizador\AppNotas\appnotas-v2\[32msrc\routes\+page.svelte[39m:426:10
[31mError[39m: Cannot find name '$activeTab'. (ts)
[36m			{:else}
				{#if [35m$activeTab[36m === 'files' && $openFiles.length > 0}
					<div[39m

c:\Users\Utilizador\AppNotas\appnotas-v2\[32msrc\routes\+page.svelte[39m:426:36
[31mError[39m: Cannot find name '$openFiles'. (ts)
[36m			{:else}
				{#if $activeTab === 'files' && [35m$openFiles[36m.length > 0}
					<div[39m

c:\Users\Utilizador\AppNotas\appnotas-v2\[32msrc\routes\+page.svelte[39m:432:22
[31mError[39m: Cannot find name '$focusArea'. (ts)
[36m						class="content-tabs" 
						class:focused={[35m$focusArea[36m === 'file-tabs'}
						on:keydown={handleToolbarKeyDown}[39m

c:\Users\Utilizador\AppNotas\appnotas-v2\[32msrc\routes\+page.svelte[39m:434:18
[31mError[39m: Cannot find name 'tabsContainer'. (ts)
[36m						on:keydown={handleToolbarKeyDown}
						bind:this={[35mtabsContainer[36m}
					>[39m

c:\Users\Utilizador\AppNotas\appnotas-v2\[32msrc\routes\+page.svelte[39m:437:15
[31mError[39m: Cannot find name '$openFiles'. (ts)
[36m						<div class="tabs-scroll">
							{#each [35m$openFiles[36m as file, i}
								<div[39m

c:\Users\Utilizador\AppNotas\appnotas-v2\[32msrc\routes\+page.svelte[39m:440:35
[31mError[39m: Cannot find name 'focusedTabIndex'. (ts)
[36m									class="tab-wrapper" 
									class:highlighted={i === [35mfocusedTabIndex[36m}
								>[39m

c:\Users\Utilizador\AppNotas\appnotas-v2\[32msrc\routes\+page.svelte[39m:446:12
[31mError[39m: Cannot find name 'focusedTabIndex'. (ts)
[36m										on:click={() => {
											[35mfocusedTabIndex[36m = i;
											activeNoteId.set(null);[39m

c:\Users\Utilizador\AppNotas\appnotas-v2\[32msrc\routes\+page.svelte[39m:444:25
[31mError[39m: Cannot find name '$activeFile'. (ts)
[36m										class="tab"
										class:active={[35m$activeFile[36m?.path === file.path}
										on:click={() => {[39m

c:\Users\Utilizador\AppNotas\appnotas-v2\[32msrc\routes\+page.svelte[39m:466:11
[31mError[39m: Cannot find name '$activeTab'. (ts)
[36m				<div class="main-content">
					{#if [35m$activeTab[36m === 'files'}
						{#if $activeFile}[39m

c:\Users\Utilizador\AppNotas\appnotas-v2\[32msrc\routes\+page.svelte[39m:467:12
[31mError[39m: Cannot find name '$activeFile'. (ts)
[36m					{#if $activeTab === 'files'}
						{#if [35m$activeFile[36m}
							<!-- File Editor Mode -->[39m

c:\Users\Utilizador\AppNotas\appnotas-v2\[32msrc\routes\+page.svelte[39m:469:14
[31mError[39m: Cannot find name '$activeFile'. (ts)
[36m							<!-- File Editor Mode -->
							{#key [35m$activeFile[36m.path}
								{#if $activeFile.type === 'pdf'}[39m

c:\Users\Utilizador\AppNotas\appnotas-v2\[32msrc\routes\+page.svelte[39m:470:14
[31mError[39m: Cannot find name '$activeFile'. (ts)
[36m							{#key $activeFile.path}
								{#if [35m$activeFile[36m.type === 'pdf'}
									<PDFView src={$activeFile.content} />[39m

c:\Users\Utilizador\AppNotas\appnotas-v2\[32msrc\routes\+page.svelte[39m:471:24
[31mError[39m: Cannot find name '$activeFile'. (ts)
[36m								{#if $activeFile.type === 'pdf'}
									<PDFView src={[35m$activeFile[36m.content} />
								{:else}[39m

c:\Users\Utilizador\AppNotas\appnotas-v2\[32msrc\routes\+page.svelte[39m:474:20
[31mError[39m: Cannot find name '$activeFile'. (ts)
[36m									<FileEditor
										content={[35m$activeFile[36m.content}
										language={$activeFile.language}[39m

c:\Users\Utilizador\AppNotas\appnotas-v2\[32msrc\routes\+page.svelte[39m:475:21
[31mError[39m: Cannot find name '$activeFile'. (ts)
[36m										content={$activeFile.content}
										language={[35m$activeFile[36m.language}
										{handleFileClick}[39m

c:\Users\Utilizador\AppNotas\appnotas-v2\[32msrc\routes\+page.svelte[39m:477:43
[31mError[39m: Cannot find name '$activeFile'. (ts)
[36m										{handleFileClick}
										onSave={(content) => handleSave([35m$activeFile[36m, content)}
										onModified={(modified) => {[39m

c:\Users\Utilizador\AppNotas\appnotas-v2\[32msrc\routes\+page.svelte[39m:479:29
[31mError[39m: Cannot find name '$activeFile'. (ts)
[36m										onModified={(modified) => {
											if (modified !== [35m$activeFile[36m.modified) {
												openFiles.update((files) =>[39m

c:\Users\Utilizador\AppNotas\appnotas-v2\[32msrc\routes\+page.svelte[39m:481:43
[31mError[39m: Cannot find name '$activeFile'. (ts)
[36m												openFiles.update((files) =>
													files.map((f) => (f.path === [35m$activeFile[36m.path ? { ...f, modified } : f))
												);[39m

c:\Users\Utilizador\AppNotas\appnotas-v2\[32msrc\routes\+page.svelte[39m:497:12
[31mError[39m: Cannot find name '$activeNote'. (ts)
[36m						<!-- Notes Mode (Default) -->
						{#if [35m$activeNote[36m}
							{#key $activeNote.id}[39m

c:\Users\Utilizador\AppNotas\appnotas-v2\[32msrc\routes\+page.svelte[39m:498:14
[31mError[39m: Cannot find name '$activeNote'. (ts)
[36m						{#if $activeNote}
							{#key [35m$activeNote[36m.id}
								<NoteEditor {handleFileClick} />[39m

c:\Users\Utilizador\AppNotas\appnotas-v2\[32msrc\routes\+page.svelte[39m:512:10
[31mError[39m: Cannot find name '$terminalVisible'. (ts)
[36m				<!-- Global Terminal (works on both tabs) -->
				{#if [35m$terminalVisible[36m}
					<div[39m

c:\Users\Utilizador\AppNotas\appnotas-v2\[32msrc\routes\+page.svelte[39m:515:23
[31mError[39m: Cannot find name '$terminalHeight'. (ts)
[36m						class="terminal-container" 
						style="height: {[35m$terminalHeight[36m}px;"
					>[39m

c:\Users\Utilizador\AppNotas\appnotas-v2\[32msrc\routes\+page.svelte[39m:523:13
[31mError[39m: Cannot find name '$activeTab'. (ts)
[36m						<Terminal 
							cwd={[35m$activeTab[36m === 'files' ? $currentDirectory : ($notesDirectory || '')} 
							visible={true}[39m

c:\Users\Utilizador\AppNotas\appnotas-v2\[32msrc\routes\+page.svelte[39m:523:38
[31mError[39m: Cannot find name '$currentDirectory'. (ts)
[36m						<Terminal 
							cwd={$activeTab === 'files' ? [35m$currentDirectory[36m : ($notesDirectory || '')} 
							visible={true}[39m

c:\Users\Utilizador\AppNotas\appnotas-v2\[32msrc\routes\+page.svelte[39m:523:59
[31mError[39m: Cannot find name '$notesDirectory'. (ts)
[36m						<Terminal 
							cwd={$activeTab === 'files' ? $currentDirectory : ([35m$notesDirectory[36m || '')} 
							visible={true}[39m

c:\Users\Utilizador\AppNotas\appnotas-v2\[32msrc\routes\+page.svelte[39m:530:9
[31mError[39m: Cannot find name 'showDiffModal'. (ts)
[36m
			{#if [35mshowDiffModal[36m}
				<RefreshDiffModal[39m

c:\Users\Utilizador\AppNotas\appnotas-v2\[32msrc\routes\+page.svelte[39m:532:18
[31mError[39m: Cannot find name 'diffOldContent'. (ts)
[36m				<RefreshDiffModal
					oldContent={[35mdiffOldContent[36m}
					newContent={diffNewContent}[39m

c:\Users\Utilizador\AppNotas\appnotas-v2\[32msrc\routes\+page.svelte[39m:533:18
[31mError[39m: Cannot find name 'diffNewContent'. (ts)
[36m					oldContent={diffOldContent}
					newContent={[35mdiffNewContent[36m}
					noteTitle={diffNoteTitle}[39m

c:\Users\Utilizador\AppNotas\appnotas-v2\[32msrc\routes\+page.svelte[39m:534:17
[31mError[39m: Cannot find name 'diffNoteTitle'. (ts)
[36m					newContent={diffNewContent}
					noteTitle={[35mdiffNoteTitle[36m}
					on:accept={handleAcceptChanges}[39m

c:\Users\Utilizador\AppNotas\appnotas-v2\[32msrc\routes\+page.svelte[39m:540:9
[31mError[39m: Cannot find name '$commandPaletteOpen'. (ts)
[36m
			{#if [35m$commandPaletteOpen[36m}
				<ColorPalette[39m

c:\Users\Utilizador\AppNotas\appnotas-v2\[32msrc\routes\+page.svelte[39m:548:8
[31mError[39m: Cannot find name '$settingsOpen'. (ts)
[36m
		{#if [35m$settingsOpen[36m}
			<SettingsPanel />[39m

====================================
[31msvelte-check found 86 errors and 3 warnings in 3 files
[39merror: script "check" exited with code 1
